

================================================================
== Synthesis Summary Report of 'quant_top'
================================================================
+ General Information: 
    * Date:           Sun Jun 22 19:07:51 2025
    * Version:        2020.2 (Build 3064766 on Wed Nov 18 09:12:45 MST 2020)
    * Project:        test_requant
    * Solution:       solution1 (Vivado IP Flow Target)
    * Product family: zynquplus
    * Target device:  xczu5ev-sfvc784-1-e
    

+ Performance & Resource Estimates: 
    
    PS: '+' for module; 'o' for loop; '*' for dataflow
    +-----------------------+------+-------+---------+-----------+----------+---------+------+----------+------+---------+-----------+-----------+-----+
    |        Modules        | Issue|       | Latency |  Latency  | Iteration|         | Trip |          |      |         |           |           |     |
    |        & Loops        | Type | Slack | (cycles)|    (ns)   |  Latency | Interval| Count| Pipelined| BRAM |   DSP   |     FF    |    LUT    | URAM|
    +-----------------------+------+-------+---------+-----------+----------+---------+------+----------+------+---------+-----------+-----------+-----+
    |+ quant_top            |     -|  -0.62|    18829|  1.883e+05|         -|    18830|     -|        no|     -|  6 (~0%)|  761 (~0%)|  3218 (2%)|    -|
    | + grp_do_quant_fu_48  |     -|  -0.62|    18828|  1.883e+05|         -|    18828|     -|        no|     -|  6 (~0%)|  742 (~0%)|  3178 (2%)|    -|
    |  o TT_LOOP_CT_LOOP    |    II|  -7.30|    18826|  1.883e+05|        13|        2|  9408|       yes|     -|        -|          -|          -|    -|
    +-----------------------+------+-------+---------+-----------+----------+---------+------+----------+------+---------+-----------+-----------+-----+

